[1mpandoc [22m
  to: html
  output-file: unit4-past-and-future.html
  standalone: true
  embed-resources: false
  self-contained: false
  toc: false
  number-sections: true
  title-prefix: Earth and Space Science
  section-divs: true
  html-math-method: mathjax
  wrap: none
  default-image-extension: png
  css:
    - ../styles.css
    - ../custom.css
  toc-depth: 3
  number-offset:
    - 24
  
[1mmetadata[22m
  crossref:
    chapters: true
  document-css: false
  link-citations: true
  date-format: long
  lang: en
  theme:
    light: cosmo
    dark: darkly
  code-copy: true
  favicon: ../images/earth-favicon.svg
  title: "[24]{.chapter-number}\_ [Unit 4: The Past and the Future 5E]{.chapter-title}"
  subtitle: Have humans experienced dramatic climate change in the past? How have human populations been impacted by climate change?
  author: Earth & Space Science
  hide-description: true
  
Output created: ../_book/unit4-climate-change/unit4-past-and-future.html

[1m[34mPreparing to preview[39m[22m

[32mWatching files for changes[39m
[32m
Browse at https://code.earthspace.fyi/proxy/4656/unit4-climate-change/unit4-past-and-future.html[39m
[1mpandoc [22m
  to: html
  output-file: unit4-past-and-future.html
  standalone: true
  embed-resources: false
  self-contained: false
  toc: false
  number-sections: true
  title-prefix: Earth and Space Science
  section-divs: true
  html-math-method: mathjax
  wrap: none
  default-image-extension: png
  css:
    - ../styles.css
    - ../custom.css
  toc-depth: 3
  number-offset:
    - 24
  
[1mmetadata[22m
  crossref:
    chapters: true
  document-css: false
  link-citations: true
  date-format: long
  lang: en
  theme:
    light: cosmo
    dark: darkly
  code-copy: true
  favicon: ../images/earth-favicon.svg
  title: "[24]{.chapter-number}\_ [Unit 4: The Past and the Future 5E]{.chapter-title}"
  subtitle: Have humans experienced dramatic climate change in the past? How have human populations been impacted by climate change?
  author: Earth & Space Science
  hide-description: true
  
[1mpandoc [22m
  to: html
  output-file: unit4-past-and-future.html
  standalone: true
  embed-resources: false
  self-contained: false
  toc: false
  number-sections: true
  title-prefix: Earth and Space Science
  section-divs: true
  html-math-method: mathjax
  wrap: none
  default-image-extension: png
  css:
    - ../styles.css
    - ../custom.css
  toc-depth: 3
  number-offset:
    - 24
  
[1mmetadata[22m
  crossref:
    chapters: true
  document-css: false
  link-citations: true
  date-format: long
  lang: en
  theme:
    light: cosmo
    dark: darkly
  code-copy: true
  favicon: ../images/earth-favicon.svg
  title: "[24]{.chapter-number}\_ [Unit 4: The Past and the Future 5E]{.chapter-title}"
  subtitle: Have humans experienced dramatic climate change in the past? How have human populations been impacted by climate change?
  author: Earth & Space Science
  hide-description: true
  
[1mpandoc [22m
  to: html
  output-file: unit4-past-and-future.html
  standalone: true
  embed-resources: false
  self-contained: false
  toc: false
  number-sections: true
  title-prefix: Earth and Space Science
  section-divs: true
  html-math-method: mathjax
  wrap: none
  default-image-extension: png
  css:
    - ../styles.css
    - ../custom.css
  toc-depth: 3
  number-offset:
    - 24
  
[1mmetadata[22m
  crossref:
    chapters: true
  document-css: false
  link-citations: true
  date-format: long
  lang: en
  theme:
    light: cosmo
    dark: darkly
  code-copy: true
  favicon: ../images/earth-favicon.svg
  title: "[24]{.chapter-number}\_ [Unit 4: The Past and the Future 5E]{.chapter-title}"
  subtitle: Have humans experienced dramatic climate change in the past? How have human populations been impacted by climate change?
  author: Earth & Space Science
  hide-description: true
  
